login as: dmarenin
dmarenin@localhost's password:
Welcome to Ubuntu 22.04.1 LTS (GNU/Linux 5.15.0-52-generic x86_64)

 * Documentation:  https://help.ubuntu.com
 * Management:     https://landscape.canonical.com
 * Support:        https://ubuntu.com/advantage

  System information as of Пт 28 окт 2022 04:48:22 UTC

  System load:  0.0               Processes:               150
  Usage of /:   82.7% of 9.75GB   Users logged in:         2
  Memory usage: 20%               IPv4 address for enp0s3: 10.0.2.15
  Swap usage:   0%

 * Super-optimized for small spaces - read how we shrank the memory
   footprint of MicroK8s to make it the smallest full K8s around.

   https://ubuntu.com/blog/microk8s-memory-optimisation

1 update can be applied immediately.
To see these additional updates run: apt list --upgradable

Failed to connect to https://changelogs.ubuntu.com/meta-release-lts. Check your Internet connection or proxy settings


Last login: Fri Oct 28 04:00:28 2022 from 10.0.2.2
dmarenin@ubuntu:~$ sudo -i
[sudo] password for dmarenin:
root@ubuntu:~# apt-get install openssh-server g++ gdb gdbserver
Чтение списков пакетов… Готово
Построение дерева зависимостей… Готово
Чтение информации о состоянии… Готово
Уже установлен пакет g++ самой новой версии (4:11.2.0-1ubuntu1).
g++ помечен как установленный вручную.
Уже установлен пакет openssh-server самой новой версии (1:8.9p1-3).
Будут установлены следующие дополнительные пакеты:
  libbabeltrace1 libboost-regex1.74.0 libc6-dbg libdebuginfod-common libdebuginfod1 libipt2 libsource-highlight-common libsource-highlight4v5
Предлагаемые пакеты:
  gdb-doc
Следующие НОВЫЕ пакеты будут установлены:
  gdb gdbserver libbabeltrace1 libboost-regex1.74.0 libc6-dbg libdebuginfod-common libdebuginfod1 libipt2 libsource-highlight-common libsource-highlight4v5
Обновлено 0 пакетов, установлено 10 новых пакетов, для удаления отмечено 0 пакетов, и 6 пакетов не обновлено.
Необходимо скачать 19,0 MB архивов.
После данной операции объём занятого дискового пространства возрастёт на 35,8 MB.
Хотите продолжить? [Д/н] y
Игн:1 http://ru.archive.ubuntu.com/ubuntu jammy/main amd64 libdebuginfod-common all 0.186-1build1
Игн:2 http://ru.archive.ubuntu.com/ubuntu jammy/main amd64 libbabeltrace1 amd64 1.5.8-2build1
Игн:3 http://ru.archive.ubuntu.com/ubuntu jammy/main amd64 libdebuginfod1 amd64 0.186-1build1
Игн:4 http://ru.archive.ubuntu.com/ubuntu jammy/main amd64 libipt2 amd64 2.0.5-1
Игн:5 http://ru.archive.ubuntu.com/ubuntu jammy/main amd64 libsource-highlight-common all 3.1.9-4.1build2
Игн:6 http://ru.archive.ubuntu.com/ubuntu jammy/main amd64 libboost-regex1.74.0 amd64 1.74.0-14ubuntu3
Игн:7 http://ru.archive.ubuntu.com/ubuntu jammy/main amd64 libsource-highlight4v5 amd64 3.1.9-4.1build2
Игн:8 http://ru.archive.ubuntu.com/ubuntu jammy-updates/main amd64 gdb amd64 12.1-0ubuntu1~22.04
Игн:9 http://ru.archive.ubuntu.com/ubuntu jammy-updates/universe amd64 gdbserver amd64 12.1-0ubuntu1~22.04
Игн:10 http://ru.archive.ubuntu.com/ubuntu jammy-updates/main amd64 libc6-dbg amd64 2.35-0ubuntu3.1
Игн:1 http://ru.archive.ubuntu.com/ubuntu jammy/main amd64 libdebuginfod-common all 0.186-1build1
Игн:2 http://ru.archive.ubuntu.com/ubuntu jammy/main amd64 libbabeltrace1 amd64 1.5.8-2build1
Игн:3 http://ru.archive.ubuntu.com/ubuntu jammy/main amd64 libdebuginfod1 amd64 0.186-1build1
Игн:4 http://ru.archive.ubuntu.com/ubuntu jammy/main amd64 libipt2 amd64 2.0.5-1
Игн:5 http://ru.archive.ubuntu.com/ubuntu jammy/main amd64 libsource-highlight-common all 3.1.9-4.1build2
Игн:6 http://ru.archive.ubuntu.com/ubuntu jammy/main amd64 libboost-regex1.74.0 amd64 1.74.0-14ubuntu3
Игн:7 http://ru.archive.ubuntu.com/ubuntu jammy/main amd64 libsource-highlight4v5 amd64 3.1.9-4.1build2
Игн:8 http://ru.archive.ubuntu.com/ubuntu jammy-updates/main amd64 gdb amd64 12.1-0ubuntu1~22.04
Игн:9 http://ru.archive.ubuntu.com/ubuntu jammy-updates/universe amd64 gdbserver amd64 12.1-0ubuntu1~22.04
Игн:10 http://ru.archive.ubuntu.com/ubuntu jammy-updates/main amd64 libc6-dbg amd64 2.35-0ubuntu3.1
Игн:1 http://ru.archive.ubuntu.com/ubuntu jammy/main amd64 libdebuginfod-common all 0.186-1build1
Игн:2 http://ru.archive.ubuntu.com/ubuntu jammy/main amd64 libbabeltrace1 amd64 1.5.8-2build1
Игн:3 http://ru.archive.ubuntu.com/ubuntu jammy/main amd64 libdebuginfod1 amd64 0.186-1build1
Игн:4 http://ru.archive.ubuntu.com/ubuntu jammy/main amd64 libipt2 amd64 2.0.5-1
Игн:5 http://ru.archive.ubuntu.com/ubuntu jammy/main amd64 libsource-highlight-common all 3.1.9-4.1build2
Игн:6 http://ru.archive.ubuntu.com/ubuntu jammy/main amd64 libboost-regex1.74.0 amd64 1.74.0-14ubuntu3
Игн:7 http://ru.archive.ubuntu.com/ubuntu jammy/main amd64 libsource-highlight4v5 amd64 3.1.9-4.1build2
Игн:8 http://ru.archive.ubuntu.com/ubuntu jammy-updates/main amd64 gdb amd64 12.1-0ubuntu1~22.04
Игн:9 http://ru.archive.ubuntu.com/ubuntu jammy-updates/universe amd64 gdbserver amd64 12.1-0ubuntu1~22.04
Игн:10 http://ru.archive.ubuntu.com/ubuntu jammy-updates/main amd64 libc6-dbg amd64 2.35-0ubuntu3.1
Ошб:1 http://ru.archive.ubuntu.com/ubuntu jammy/main amd64 libdebuginfod-common all 0.186-1build1
  Временная ошибка при разрешении «ru.archive.ubuntu.com»
Ошб:2 http://ru.archive.ubuntu.com/ubuntu jammy/main amd64 libbabeltrace1 amd64 1.5.8-2build1
  Временная ошибка при разрешении «ru.archive.ubuntu.com»
Ошб:3 http://ru.archive.ubuntu.com/ubuntu jammy/main amd64 libdebuginfod1 amd64 0.186-1build1
  Временная ошибка при разрешении «ru.archive.ubuntu.com»
Ошб:4 http://ru.archive.ubuntu.com/ubuntu jammy/main amd64 libipt2 amd64 2.0.5-1
  Временная ошибка при разрешении «ru.archive.ubuntu.com»
Ошб:5 http://ru.archive.ubuntu.com/ubuntu jammy/main amd64 libsource-highlight-common all 3.1.9-4.1build2
  Временная ошибка при разрешении «ru.archive.ubuntu.com»
Ошб:6 http://ru.archive.ubuntu.com/ubuntu jammy/main amd64 libboost-regex1.74.0 amd64 1.74.0-14ubuntu3
  Временная ошибка при разрешении «ru.archive.ubuntu.com»
Ошб:7 http://ru.archive.ubuntu.com/ubuntu jammy/main amd64 libsource-highlight4v5 amd64 3.1.9-4.1build2
  Временная ошибка при разрешении «ru.archive.ubuntu.com»
Ошб:8 http://ru.archive.ubuntu.com/ubuntu jammy-updates/main amd64 gdb amd64 12.1-0ubuntu1~22.04
  Временная ошибка при разрешении «ru.archive.ubuntu.com»
Ошб:9 http://ru.archive.ubuntu.com/ubuntu jammy-updates/universe amd64 gdbserver amd64 12.1-0ubuntu1~22.04
  Временная ошибка при разрешении «ru.archive.ubuntu.com»
Ошб:10 http://ru.archive.ubuntu.com/ubuntu jammy-updates/main amd64 libc6-dbg amd64 2.35-0ubuntu3.1
  Временная ошибка при разрешении «ru.archive.ubuntu.com»
E: Не удалось получить http://ru.archive.ubuntu.com/ubuntu/pool/main/e/elfutils/libdebuginfod-common_0.186-1build1_all.deb  Временная ошибка при разрешении «ru.archive.ubuntu.com»
E: Не удалось получить http://ru.archive.ubuntu.com/ubuntu/pool/main/b/babeltrace/libbabeltrace1_1.5.8-2build1_amd64.deb  Временная ошибка при разрешении «ru.archive.ubuntu.com»
E: Не удалось получить http://ru.archive.ubuntu.com/ubuntu/pool/main/e/elfutils/libdebuginfod1_0.186-1build1_amd64.deb  Временная ошибка при разрешении «ru.archive.ubuntu.com»
E: Не удалось получить http://ru.archive.ubuntu.com/ubuntu/pool/main/i/intel-processor-trace/libipt2_2.0.5-1_amd64.deb  Временная ошибка при разрешении «ru.archive.ubuntu.com»
E: Не удалось получить http://ru.archive.ubuntu.com/ubuntu/pool/main/s/source-highlight/libsource-highlight-common_3.1.9-4.1build2_all.deb  Временная ошибка при разрешении «ru.archive.ubuntu.com»
E: Не удалось получить http://ru.archive.ubuntu.com/ubuntu/pool/main/b/boost1.74/libboost-regex1.74.0_1.74.0-14ubuntu3_amd64.deb  Временная ошибка при разрешении «ru.archive.ubuntu.com»
E: Не удалось получить http://ru.archive.ubuntu.com/ubuntu/pool/main/s/source-highlight/libsource-highlight4v5_3.1.9-4.1build2_amd64.deb  Временная ошибка при разрешении «ru.archive.ubuntu.com»
E: Не удалось получить http://ru.archive.ubuntu.com/ubuntu/pool/main/g/gdb/gdb_12.1-0ubuntu1%7e22.04_amd64.deb  Временная ошибка при разрешении «ru.archive.ubuntu.com»
E: Не удалось получить http://ru.archive.ubuntu.com/ubuntu/pool/universe/g/gdb/gdbserver_12.1-0ubuntu1%7e22.04_amd64.deb  Временная ошибка при разрешении «ru.archive.ubuntu.com»
E: Не удалось получить http://ru.archive.ubuntu.com/ubuntu/pool/main/g/glibc/libc6-dbg_2.35-0ubuntu3.1_amd64.deb  Временная ошибка при разрешении «ru.archive.ubuntu.com»
E: Не удалось получить некоторые архивы; возможно, нужно запустить apt-get update или попытаться повторить запуск с ключом --fix-missing?
root@ubuntu:~# apt-get install openssh-server g++ gdb gdbserver
Чтение списков пакетов… Готово
Построение дерева зависимостей… Готово
Чтение информации о состоянии… Готово
Уже установлен пакет g++ самой новой версии (4:11.2.0-1ubuntu1).
g++ помечен как установленный вручную.
Уже установлен пакет openssh-server самой новой версии (1:8.9p1-3).
Будут установлены следующие дополнительные пакеты:
  libbabeltrace1 libboost-regex1.74.0 libc6-dbg libdebuginfod-common libdebuginfod1 libipt2 libsource-highlight-common libsource-highlight4v5
Предлагаемые пакеты:
  gdb-doc
Следующие НОВЫЕ пакеты будут установлены:
  gdb gdbserver libbabeltrace1 libboost-regex1.74.0 libc6-dbg libdebuginfod-common libdebuginfod1 libipt2 libsource-highlight-common libsource-highlight4v5
Обновлено 0 пакетов, установлено 10 новых пакетов, для удаления отмечено 0 пакетов, и 6 пакетов не обновлено.
Необходимо скачать 19,0 MB архивов.
После данной операции объём занятого дискового пространства возрастёт на 35,8 MB.
Хотите продолжить? [Д/н] y
Игн:1 http://ru.archive.ubuntu.com/ubuntu jammy/main amd64 libdebuginfod-common all 0.186-1build1
Игн:2 http://ru.archive.ubuntu.com/ubuntu jammy/main amd64 libbabeltrace1 amd64 1.5.8-2build1
Игн:3 http://ru.archive.ubuntu.com/ubuntu jammy/main amd64 libdebuginfod1 amd64 0.186-1build1
Игн:4 http://ru.archive.ubuntu.com/ubuntu jammy/main amd64 libipt2 amd64 2.0.5-1
Игн:5 http://ru.archive.ubuntu.com/ubuntu jammy/main amd64 libsource-highlight-common all 3.1.9-4.1build2
Игн:6 http://ru.archive.ubuntu.com/ubuntu jammy/main amd64 libboost-regex1.74.0 amd64 1.74.0-14ubuntu3
Игн:7 http://ru.archive.ubuntu.com/ubuntu jammy/main amd64 libsource-highlight4v5 amd64 3.1.9-4.1build2
Игн:8 http://ru.archive.ubuntu.com/ubuntu jammy-updates/main amd64 gdb amd64 12.1-0ubuntu1~22.04
Игн:9 http://ru.archive.ubuntu.com/ubuntu jammy-updates/universe amd64 gdbserver amd64 12.1-0ubuntu1~22.04
Игн:10 http://ru.archive.ubuntu.com/ubuntu jammy-updates/main amd64 libc6-dbg amd64 2.35-0ubuntu3.1
Игн:1 http://ru.archive.ubuntu.com/ubuntu jammy/main amd64 libdebuginfod-common all 0.186-1build1
Игн:2 http://ru.archive.ubuntu.com/ubuntu jammy/main amd64 libbabeltrace1 amd64 1.5.8-2build1
Игн:3 http://ru.archive.ubuntu.com/ubuntu jammy/main amd64 libdebuginfod1 amd64 0.186-1build1
Игн:4 http://ru.archive.ubuntu.com/ubuntu jammy/main amd64 libipt2 amd64 2.0.5-1
Игн:5 http://ru.archive.ubuntu.com/ubuntu jammy/main amd64 libsource-highlight-common all 3.1.9-4.1build2
Игн:6 http://ru.archive.ubuntu.com/ubuntu jammy/main amd64 libboost-regex1.74.0 amd64 1.74.0-14ubuntu3
Игн:7 http://ru.archive.ubuntu.com/ubuntu jammy/main amd64 libsource-highlight4v5 amd64 3.1.9-4.1build2
Игн:8 http://ru.archive.ubuntu.com/ubuntu jammy-updates/main amd64 gdb amd64 12.1-0ubuntu1~22.04
Игн:9 http://ru.archive.ubuntu.com/ubuntu jammy-updates/universe amd64 gdbserver amd64 12.1-0ubuntu1~22.04
Игн:10 http://ru.archive.ubuntu.com/ubuntu jammy-updates/main amd64 libc6-dbg amd64 2.35-0ubuntu3.1
Игн:1 http://ru.archive.ubuntu.com/ubuntu jammy/main amd64 libdebuginfod-common all 0.186-1build1
Игн:2 http://ru.archive.ubuntu.com/ubuntu jammy/main amd64 libbabeltrace1 amd64 1.5.8-2build1
Игн:3 http://ru.archive.ubuntu.com/ubuntu jammy/main amd64 libdebuginfod1 amd64 0.186-1build1
Игн:4 http://ru.archive.ubuntu.com/ubuntu jammy/main amd64 libipt2 amd64 2.0.5-1
Игн:5 http://ru.archive.ubuntu.com/ubuntu jammy/main amd64 libsource-highlight-common all 3.1.9-4.1build2
Игн:6 http://ru.archive.ubuntu.com/ubuntu jammy/main amd64 libboost-regex1.74.0 amd64 1.74.0-14ubuntu3
Игн:7 http://ru.archive.ubuntu.com/ubuntu jammy/main amd64 libsource-highlight4v5 amd64 3.1.9-4.1build2
Игн:8 http://ru.archive.ubuntu.com/ubuntu jammy-updates/main amd64 gdb amd64 12.1-0ubuntu1~22.04
Игн:9 http://ru.archive.ubuntu.com/ubuntu jammy-updates/universe amd64 gdbserver amd64 12.1-0ubuntu1~22.04
Игн:10 http://ru.archive.ubuntu.com/ubuntu jammy-updates/main amd64 libc6-dbg amd64 2.35-0ubuntu3.1
Ошб:1 http://ru.archive.ubuntu.com/ubuntu jammy/main amd64 libdebuginfod-common all 0.186-1build1
  Временная ошибка при разрешении «ru.archive.ubuntu.com»
Ошб:2 http://ru.archive.ubuntu.com/ubuntu jammy/main amd64 libbabeltrace1 amd64 1.5.8-2build1
  Временная ошибка при разрешении «ru.archive.ubuntu.com»
Ошб:3 http://ru.archive.ubuntu.com/ubuntu jammy/main amd64 libdebuginfod1 amd64 0.186-1build1
  Временная ошибка при разрешении «ru.archive.ubuntu.com»
Ошб:4 http://ru.archive.ubuntu.com/ubuntu jammy/main amd64 libipt2 amd64 2.0.5-1
  Временная ошибка при разрешении «ru.archive.ubuntu.com»
Ошб:5 http://ru.archive.ubuntu.com/ubuntu jammy/main amd64 libsource-highlight-common all 3.1.9-4.1build2
  Временная ошибка при разрешении «ru.archive.ubuntu.com»
Ошб:6 http://ru.archive.ubuntu.com/ubuntu jammy/main amd64 libboost-regex1.74.0 amd64 1.74.0-14ubuntu3
  Временная ошибка при разрешении «ru.archive.ubuntu.com»
Ошб:7 http://ru.archive.ubuntu.com/ubuntu jammy/main amd64 libsource-highlight4v5 amd64 3.1.9-4.1build2
  Временная ошибка при разрешении «ru.archive.ubuntu.com»
Ошб:8 http://ru.archive.ubuntu.com/ubuntu jammy-updates/main amd64 gdb amd64 12.1-0ubuntu1~22.04
  Временная ошибка при разрешении «ru.archive.ubuntu.com»
Ошб:9 http://ru.archive.ubuntu.com/ubuntu jammy-updates/universe amd64 gdbserver amd64 12.1-0ubuntu1~22.04
  Временная ошибка при разрешении «ru.archive.ubuntu.com»
Ошб:10 http://ru.archive.ubuntu.com/ubuntu jammy-updates/main amd64 libc6-dbg amd64 2.35-0ubuntu3.1
  Временная ошибка при разрешении «ru.archive.ubuntu.com»
E: Не удалось получить http://ru.archive.ubuntu.com/ubuntu/pool/main/e/elfutils/libdebuginfod-common_0.186-1build1_all.deb  Временная ошибка при разрешении «ru.archive.ubuntu.com»
E: Не удалось получить http://ru.archive.ubuntu.com/ubuntu/pool/main/b/babeltrace/libbabeltrace1_1.5.8-2build1_amd64.deb  Временная ошибка при разрешении «ru.archive.ubuntu.com»
E: Не удалось получить http://ru.archive.ubuntu.com/ubuntu/pool/main/e/elfutils/libdebuginfod1_0.186-1build1_amd64.deb  Временная ошибка при разрешении «ru.archive.ubuntu.com»
E: Не удалось получить http://ru.archive.ubuntu.com/ubuntu/pool/main/i/intel-processor-trace/libipt2_2.0.5-1_amd64.deb  Временная ошибка при разрешении «ru.archive.ubuntu.com»
E: Не удалось получить http://ru.archive.ubuntu.com/ubuntu/pool/main/s/source-highlight/libsource-highlight-common_3.1.9-4.1build2_all.deb  Временная ошибка при разрешении «ru.archive.ubuntu.com»
E: Не удалось получить http://ru.archive.ubuntu.com/ubuntu/pool/main/b/boost1.74/libboost-regex1.74.0_1.74.0-14ubuntu3_amd64.deb  Временная ошибка при разрешении «ru.archive.ubuntu.com»
E: Не удалось получить http://ru.archive.ubuntu.com/ubuntu/pool/main/s/source-highlight/libsource-highlight4v5_3.1.9-4.1build2_amd64.deb  Временная ошибка при разрешении «ru.archive.ubuntu.com»
E: Не удалось получить http://ru.archive.ubuntu.com/ubuntu/pool/main/g/gdb/gdb_12.1-0ubuntu1%7e22.04_amd64.deb  Временная ошибка при разрешении «ru.archive.ubuntu.com»
E: Не удалось получить http://ru.archive.ubuntu.com/ubuntu/pool/universe/g/gdb/gdbserver_12.1-0ubuntu1%7e22.04_amd64.deb  Временная ошибка при разрешении «ru.archive.ubuntu.com»
E: Не удалось получить http://ru.archive.ubuntu.com/ubuntu/pool/main/g/glibc/libc6-dbg_2.35-0ubuntu3.1_amd64.deb  Временная ошибка при разрешении «ru.archive.ubuntu.com»
E: Не удалось получить некоторые архивы; возможно, нужно запустить apt-get update или попытаться повторить запуск с ключом --fix-missing?
root@ubuntu:~# apt-get update
Игн:1 http://ru.archive.ubuntu.com/ubuntu jammy InRelease
Игн:2 http://ru.archive.ubuntu.com/ubuntu jammy-updates InRelease
Игн:3 http://ru.archive.ubuntu.com/ubuntu jammy-backports InRelease
Игн:4 http://ru.archive.ubuntu.com/ubuntu jammy-security InRelease
Игн:1 http://ru.archive.ubuntu.com/ubuntu jammy InRelease
Игн:2 http://ru.archive.ubuntu.com/ubuntu jammy-updates InRelease
Игн:3 http://ru.archive.ubuntu.com/ubuntu jammy-backports InRelease
Игн:4 http://ru.archive.ubuntu.com/ubuntu jammy-security InRelease
Игн:1 http://ru.archive.ubuntu.com/ubuntu jammy InRelease
Игн:2 http://ru.archive.ubuntu.com/ubuntu jammy-updates InRelease
Игн:3 http://ru.archive.ubuntu.com/ubuntu jammy-backports InRelease
Игн:4 http://ru.archive.ubuntu.com/ubuntu jammy-security InRelease
Ошб:1 http://ru.archive.ubuntu.com/ubuntu jammy InRelease
  Временная ошибка при разрешении «ru.archive.ubuntu.com»
Ошб:2 http://ru.archive.ubuntu.com/ubuntu jammy-updates InRelease
  Временная ошибка при разрешении «ru.archive.ubuntu.com»
Ошб:3 http://ru.archive.ubuntu.com/ubuntu jammy-backports InRelease
  Временная ошибка при разрешении «ru.archive.ubuntu.com»
Ошб:4 http://ru.archive.ubuntu.com/ubuntu jammy-security InRelease
  Временная ошибка при разрешении «ru.archive.ubuntu.com»
Чтение списков пакетов… Готово
W: Не удалось получить http://ru.archive.ubuntu.com/ubuntu/dists/jammy/InRelease  Временная ошибка при разрешении «ru.archive.ubuntu.com»
W: Не удалось получить http://ru.archive.ubuntu.com/ubuntu/dists/jammy-updates/InRelease  Временная ошибка при разрешении «ru.archive.ubuntu.com»
W: Не удалось получить http://ru.archive.ubuntu.com/ubuntu/dists/jammy-backports/InRelease  Временная ошибка при разрешении «ru.archive.ubuntu.com»
W: Не удалось получить http://ru.archive.ubuntu.com/ubuntu/dists/jammy-security/InRelease  Временная ошибка при разрешении «ru.archive.ubuntu.com»
W: Некоторые индексные файлы скачать не удалось. Они были проигнорированы, или вместо них были использованы старые версии.
root@ubuntu:~# ping ya.ru
ping: ya.ru: Temporary failure in name resolution
root@ubuntu:~#  /etc/init.d/networking restart
-bash: /etc/init.d/networking: No such file or directory
root@ubuntu:~#
login as: dmarenin
dmarenin@localhost's password:
Access denied
dmarenin@localhost's password:
Welcome to Ubuntu 22.04.1 LTS (GNU/Linux 5.15.0-52-generic x86_64)

 * Documentation:  https://help.ubuntu.com
 * Management:     https://landscape.canonical.com
 * Support:        https://ubuntu.com/advantage

  System information as of Пт 28 окт 2022 04:56:32 UTC

  System load:  0.0               Processes:               155
  Usage of /:   82.7% of 9.75GB   Users logged in:         0
  Memory usage: 12%               IPv4 address for enp0s3: 10.0.2.15
  Swap usage:   0%

  => There is 1 zombie process.

 * Super-optimized for small spaces - read how we shrank the memory
   footprint of MicroK8s to make it the smallest full K8s around.

   https://ubuntu.com/blog/microk8s-memory-optimisation

1 update can be applied immediately.
To see these additional updates run: apt list --upgradable

Failed to connect to https://changelogs.ubuntu.com/meta-release-lts. Check your Internet connection or proxy settings


Last login: Fri Oct 28 04:48:23 2022 from 10.0.2.2
dmarenin@ubuntu:~$ ping ya.ru
PING ya.ru (87.250.250.242) 56(84) bytes of data.
64 bytes from ya.ru (87.250.250.242): icmp_seq=1 ttl=242 time=40.6 ms
64 bytes from ya.ru (87.250.250.242): icmp_seq=2 ttl=242 time=39.1 ms
^C
--- ya.ru ping statistics ---
2 packets transmitted, 2 received, 0% packet loss, time 1133ms
rtt min/avg/max/mdev = 39.064/39.817/40.570/0.753 ms
dmarenin@ubuntu:~$ sudo -i
[sudo] password for dmarenin:
root@ubuntu:~# apt-get install openssh-server g++ gdb gdbserver
Чтение списков пакетов… Готово
Построение дерева зависимостей… Готово
Чтение информации о состоянии… Готово
Уже установлен пакет g++ самой новой версии (4:11.2.0-1ubuntu1).
g++ помечен как установленный вручную.
Уже установлен пакет openssh-server самой новой версии (1:8.9p1-3).
Будут установлены следующие дополнительные пакеты:
  libbabeltrace1 libboost-regex1.74.0 libc6-dbg libdebuginfod-common libdebuginfod1 libipt2 libsource-highlight-common libsource-highlight4v5
Предлагаемые пакеты:
  gdb-doc
Следующие НОВЫЕ пакеты будут установлены:
  gdb gdbserver libbabeltrace1 libboost-regex1.74.0 libc6-dbg libdebuginfod-common libdebuginfod1 libipt2 libsource-highlight-common libsource-highlight4v5
Обновлено 0 пакетов, установлено 10 новых пакетов, для удаления отмечено 0 пакетов, и 6 пакетов не обновлено.
Необходимо скачать 19,0 MB архивов.
После данной операции объём занятого дискового пространства возрастёт на 35,8 MB.
Хотите продолжить? [Д/н] y
Пол:1 http://ru.archive.ubuntu.com/ubuntu jammy/main amd64 libdebuginfod-common all 0.186-1build1 [7 878 B]
Пол:2 http://ru.archive.ubuntu.com/ubuntu jammy/main amd64 libbabeltrace1 amd64 1.5.8-2build1 [160 kB]
Пол:3 http://ru.archive.ubuntu.com/ubuntu jammy/main amd64 libdebuginfod1 amd64 0.186-1build1 [12,7 kB]
Пол:4 http://ru.archive.ubuntu.com/ubuntu jammy/main amd64 libipt2 amd64 2.0.5-1 [46,4 kB]
Пол:5 http://ru.archive.ubuntu.com/ubuntu jammy/main amd64 libsource-highlight-common all 3.1.9-4.1build2 [64,5 kB]
Пол:6 http://ru.archive.ubuntu.com/ubuntu jammy/main amd64 libboost-regex1.74.0 amd64 1.74.0-14ubuntu3 [511 kB]
Пол:7 http://ru.archive.ubuntu.com/ubuntu jammy/main amd64 libsource-highlight4v5 amd64 3.1.9-4.1build2 [207 kB]
Пол:8 http://ru.archive.ubuntu.com/ubuntu jammy-updates/main amd64 gdb amd64 12.1-0ubuntu1~22.04 [3 919 kB]
Пол:9 http://ru.archive.ubuntu.com/ubuntu jammy-updates/universe amd64 gdbserver amd64 12.1-0ubuntu1~22.04 [267 kB]
Пол:10 http://ru.archive.ubuntu.com/ubuntu jammy-updates/main amd64 libc6-dbg amd64 2.35-0ubuntu3.1 [13,8 MB]
Получено 19,0 MB за 3с (5 819 kB/s)
Предварительная настройка пакетов …
Выбор ранее не выбранного пакета libdebuginfod-common.
(Чтение базы данных … на данный момент установлено 80263 файла и каталога.)
Подготовка к распаковке …/0-libdebuginfod-common_0.186-1build1_all.deb …
Распаковывается libdebuginfod-common (0.186-1build1) …
Выбор ранее не выбранного пакета libbabeltrace1:amd64.
Подготовка к распаковке …/1-libbabeltrace1_1.5.8-2build1_amd64.deb …
Распаковывается libbabeltrace1:amd64 (1.5.8-2build1) …
Выбор ранее не выбранного пакета libdebuginfod1:amd64.
Подготовка к распаковке …/2-libdebuginfod1_0.186-1build1_amd64.deb …
Распаковывается libdebuginfod1:amd64 (0.186-1build1) …
Выбор ранее не выбранного пакета libipt2.
Подготовка к распаковке …/3-libipt2_2.0.5-1_amd64.deb …
Распаковывается libipt2 (2.0.5-1) …
Выбор ранее не выбранного пакета libsource-highlight-common.
Подготовка к распаковке …/4-libsource-highlight-common_3.1.9-4.1build2_all.deb …
Распаковывается libsource-highlight-common (3.1.9-4.1build2) …
Выбор ранее не выбранного пакета libboost-regex1.74.0:amd64.
Подготовка к распаковке …/5-libboost-regex1.74.0_1.74.0-14ubuntu3_amd64.deb …
Распаковывается libboost-regex1.74.0:amd64 (1.74.0-14ubuntu3) …
Выбор ранее не выбранного пакета libsource-highlight4v5.
Подготовка к распаковке …/6-libsource-highlight4v5_3.1.9-4.1build2_amd64.deb …
Распаковывается libsource-highlight4v5 (3.1.9-4.1build2) …
Выбор ранее не выбранного пакета gdb.
Подготовка к распаковке …/7-gdb_12.1-0ubuntu1~22.04_amd64.deb …
Распаковывается gdb (12.1-0ubuntu1~22.04) …
Выбор ранее не выбранного пакета gdbserver.
Подготовка к распаковке …/8-gdbserver_12.1-0ubuntu1~22.04_amd64.deb …
Распаковывается gdbserver (12.1-0ubuntu1~22.04) …
Выбор ранее не выбранного пакета libc6-dbg:amd64.
Подготовка к распаковке …/9-libc6-dbg_2.35-0ubuntu3.1_amd64.deb …
Распаковывается libc6-dbg:amd64 (2.35-0ubuntu3.1) …
Настраивается пакет libdebuginfod-common (0.186-1build1) …

Creating config file /etc/profile.d/debuginfod.sh with new version

Creating config file /etc/profile.d/debuginfod.csh with new version
Настраивается пакет libdebuginfod1:amd64 (0.186-1build1) …
Настраивается пакет libsource-highlight-common (3.1.9-4.1build2) …
Настраивается пакет libc6-dbg:amd64 (2.35-0ubuntu3.1) …
Настраивается пакет libboost-regex1.74.0:amd64 (1.74.0-14ubuntu3) …
Настраивается пакет libipt2 (2.0.5-1) …
Настраивается пакет libbabeltrace1:amd64 (1.5.8-2build1) …
Настраивается пакет gdbserver (12.1-0ubuntu1~22.04) …
Настраивается пакет libsource-highlight4v5 (3.1.9-4.1build2) …
Настраивается пакет gdb (12.1-0ubuntu1~22.04) …
Обрабатываются триггеры для man-db (2.10.2-1) …
Обрабатываются триггеры для libc-bin (2.35-0ubuntu3.1) …
Scanning processes...
Scanning linux images...

Running kernel seems to be up-to-date.

No services need to be restarted.

No containers need to be restarted.

No user sessions are running outdated binaries.

No VM guests are running outdated hypervisor (qemu) binaries on this host.
root@ubuntu:~# apt-get update
Сущ:1 http://ru.archive.ubuntu.com/ubuntu jammy InRelease
Сущ:2 http://ru.archive.ubuntu.com/ubuntu jammy-updates InRelease
Сущ:3 http://ru.archive.ubuntu.com/ubuntu jammy-backports InRelease
Сущ:4 http://ru.archive.ubuntu.com/ubuntu jammy-security InRelease
Чтение списков пакетов… Готово
root@ubuntu:~# apt-get upgrade
Чтение списков пакетов… Готово
Построение дерева зависимостей… Готово
Чтение информации о состоянии… Готово
Расчёт обновлений… Готово
Следующие пакеты устанавливались автоматически и больше не требуются:
  libflashrom1 libftdi1-2
Для их удаления используйте «apt autoremove».
Try Ubuntu Pro beta with a free personal subscription on up to 5 machines.
Learn more at https://ubuntu.com/pro
Следующие пакеты будут оставлены в неизменном виде:
  libglib2.0-0 libglib2.0-bin libglib2.0-data linux-headers-generic linux-image-generic
Следующие пакеты будут обновлены:
  apport dbus dbus-user-session distro-info-data firmware-sof-signed fwupd kpartx libdbus-1-3 libexpat1 libfwupd2 libfwupdplugin5 libjbig0 libnetplan0 libntfs-3g89
  libpython3.10 libpython3.10-minimal libpython3.10-stdlib libsqlite3-0 libssl-dev libssl3 libtiff5 linux-firmware linux-libc-dev login multipath-tools netplan.io
  ntfs-3g openssl passwd python3-apport python3-problem-report python3.10 python3.10-minimal rsync snapd tzdata ubuntu-advantage-tools
Обновлено 37 пакетов, установлено 0 новых пакетов, для удаления отмечено 0 пакетов, и 5 пакетов не обновлено.
23 standard LTS security updates
Необходимо скачать 246 MB/286 MB архивов.
После данной операции объём занятого дискового пространства возрастёт на 15,9 MB.
Хотите продолжить? [Д/н] y
Пол:1 http://ru.archive.ubuntu.com/ubuntu jammy-updates/main amd64 rsync amd64 3.2.3-8ubuntu3.1 [404 kB]
Пол:2 http://ru.archive.ubuntu.com/ubuntu jammy-updates/main amd64 distro-info-data all 0.52ubuntu0.2 [5 160 B]
Пол:3 http://ru.archive.ubuntu.com/ubuntu jammy-updates/main amd64 netplan.io amd64 0.105-0ubuntu2~22.04.1 [92,5 kB]
Пол:4 http://ru.archive.ubuntu.com/ubuntu jammy-updates/main amd64 libnetplan0 amd64 0.105-0ubuntu2~22.04.1 [102 kB]
Пол:5 http://ru.archive.ubuntu.com/ubuntu jammy-updates/main amd64 ubuntu-advantage-tools amd64 27.11.3~22.04.1 [164 kB]
Пол:6 http://ru.archive.ubuntu.com/ubuntu jammy-updates/main amd64 python3-problem-report all 2.20.11-0ubuntu82.2 [10,9 kB]
Пол:7 http://ru.archive.ubuntu.com/ubuntu jammy-updates/main amd64 python3-apport all 2.20.11-0ubuntu82.2 [88,0 kB]
Пол:8 http://ru.archive.ubuntu.com/ubuntu jammy-updates/main amd64 apport all 2.20.11-0ubuntu82.2 [133 kB]
Пол:9 http://ru.archive.ubuntu.com/ubuntu jammy-updates/restricted amd64 firmware-sof-signed all 2.0-1ubuntu4 [819 kB]
Пол:10 http://ru.archive.ubuntu.com/ubuntu jammy-updates/main amd64 fwupd amd64 1.7.9-1~22.04.1 [2 561 kB]
Пол:11 http://ru.archive.ubuntu.com/ubuntu jammy-updates/main amd64 libfwupdplugin5 amd64 1.7.9-1~22.04.1 [192 kB]
Пол:12 http://ru.archive.ubuntu.com/ubuntu jammy-updates/main amd64 libfwupd2 amd64 1.7.9-1~22.04.1 [105 kB]
Пол:13 http://ru.archive.ubuntu.com/ubuntu jammy-updates/main amd64 linux-firmware all 20220329.git681281e4-0ubuntu3.7 [240 MB]
Пол:14 http://ru.archive.ubuntu.com/ubuntu jammy-updates/main amd64 linux-libc-dev amd64 5.15.0-56.62 [1 333 kB]
Получено 246 MB за 24с (10,2 MB/s)
Извлекаются шаблоны из пакетов: 100%
Предварительная настройка пакетов …
(Чтение базы данных … на данный момент установлено 81079 файлов и каталогов.)
Подготовка к распаковке …/login_1%3a4.8.1-2ubuntu2.1_amd64.deb …
Распаковывается login (1:4.8.1-2ubuntu2.1) на замену (1:4.8.1-2ubuntu2) …
Настраивается пакет login (1:4.8.1-2ubuntu2.1) …
(Чтение базы данных … на данный момент установлено 81079 файлов и каталогов.)
Подготовка к распаковке …/libexpat1_2.4.7-1ubuntu0.2_amd64.deb …
Распаковывается libexpat1:amd64 (2.4.7-1ubuntu0.2) на замену (2.4.7-1) …
Подготовка к распаковке …/libpython3.10_3.10.6-1~22.04.1_amd64.deb …
Распаковывается libpython3.10:amd64 (3.10.6-1~22.04.1) на замену (3.10.6-1~22.04) …
Подготовка к распаковке …/libssl-dev_3.0.2-0ubuntu1.7_amd64.deb …
Распаковывается libssl-dev:amd64 (3.0.2-0ubuntu1.7) на замену (3.0.2-0ubuntu1.6) …
Подготовка к распаковке …/libssl3_3.0.2-0ubuntu1.7_amd64.deb …
Распаковывается libssl3:amd64 (3.0.2-0ubuntu1.7) на замену (3.0.2-0ubuntu1.6) …
Настраивается пакет libssl3:amd64 (3.0.2-0ubuntu1.7) …
(Чтение базы данных … на данный момент установлено 81079 файлов и каталогов.)
Подготовка к распаковке …/0-python3.10_3.10.6-1~22.04.1_amd64.deb …
Распаковывается python3.10 (3.10.6-1~22.04.1) на замену (3.10.6-1~22.04) …
Подготовка к распаковке …/1-python3.10-minimal_3.10.6-1~22.04.1_amd64.deb …
Распаковывается python3.10-minimal (3.10.6-1~22.04.1) на замену (3.10.6-1~22.04) …
Подготовка к распаковке …/2-libpython3.10-stdlib_3.10.6-1~22.04.1_amd64.deb …
Распаковывается libpython3.10-stdlib:amd64 (3.10.6-1~22.04.1) на замену (3.10.6-1~22.04) …
Подготовка к распаковке …/3-libpython3.10-minimal_3.10.6-1~22.04.1_amd64.deb …
Распаковывается libpython3.10-minimal:amd64 (3.10.6-1~22.04.1) на замену (3.10.6-1~22.04) …
Подготовка к распаковке …/4-libsqlite3-0_3.37.2-2ubuntu0.1_amd64.deb …
Распаковывается libsqlite3-0:amd64 (3.37.2-2ubuntu0.1) на замену (3.37.2-2) …
Подготовка к распаковке …/5-ntfs-3g_1%3a2021.8.22-3ubuntu1.2_amd64.deb …
Распаковывается ntfs-3g (1:2021.8.22-3ubuntu1.2) на замену (1:2021.8.22-3ubuntu1.1) …
Подготовка к распаковке …/6-libntfs-3g89_1%3a2021.8.22-3ubuntu1.2_amd64.deb …
Распаковывается libntfs-3g89 (1:2021.8.22-3ubuntu1.2) на замену (1:2021.8.22-3ubuntu1.1) …
Подготовка к распаковке …/7-rsync_3.2.3-8ubuntu3.1_amd64.deb …
Распаковывается rsync (3.2.3-8ubuntu3.1) на замену (3.2.3-8ubuntu3) …
Подготовка к распаковке …/8-passwd_1%3a4.8.1-2ubuntu2.1_amd64.deb …
Распаковывается passwd (1:4.8.1-2ubuntu2.1) на замену (1:4.8.1-2ubuntu2) …
Настраивается пакет passwd (1:4.8.1-2ubuntu2.1) …
(Чтение базы данных … на данный момент установлено 81079 файлов и каталогов.)
Подготовка к распаковке …/00-dbus_1.12.20-2ubuntu4.1_amd64.deb …
Распаковывается dbus (1.12.20-2ubuntu4.1) на замену (1.12.20-2ubuntu4) …
Подготовка к распаковке …/01-libdbus-1-3_1.12.20-2ubuntu4.1_amd64.deb …
Распаковывается libdbus-1-3:amd64 (1.12.20-2ubuntu4.1) на замену (1.12.20-2ubuntu4) …
Подготовка к распаковке …/02-distro-info-data_0.52ubuntu0.2_all.deb …
Распаковывается distro-info-data (0.52ubuntu0.2) на замену (0.52ubuntu0.1) …
Подготовка к распаковке …/03-netplan.io_0.105-0ubuntu2~22.04.1_amd64.deb …
Распаковывается netplan.io (0.105-0ubuntu2~22.04.1) на замену (0.104-0ubuntu2.1) …
Подготовка к распаковке …/04-libnetplan0_0.105-0ubuntu2~22.04.1_amd64.deb …
Распаковывается libnetplan0:amd64 (0.105-0ubuntu2~22.04.1) на замену (0.104-0ubuntu2.1) …
Подготовка к распаковке …/05-openssl_3.0.2-0ubuntu1.7_amd64.deb …
Распаковывается openssl (3.0.2-0ubuntu1.7) на замену (3.0.2-0ubuntu1.6) …
Подготовка к распаковке …/06-tzdata_2022f-0ubuntu0.22.04.1_all.deb …
Распаковывается tzdata (2022f-0ubuntu0.22.04.1) на замену (2022c-0ubuntu0.22.04.0) …
Подготовка к распаковке …/07-ubuntu-advantage-tools_27.11.3~22.04.1_amd64.deb …
Распаковывается ubuntu-advantage-tools (27.11.3~22.04.1) на замену (27.11.2~22.04.1) …
Подготовка к распаковке …/08-python3-problem-report_2.20.11-0ubuntu82.2_all.deb …
Распаковывается python3-problem-report (2.20.11-0ubuntu82.2) на замену (2.20.11-0ubuntu82.1) …
Подготовка к распаковке …/09-python3-apport_2.20.11-0ubuntu82.2_all.deb …
Распаковывается python3-apport (2.20.11-0ubuntu82.2) на замену (2.20.11-0ubuntu82.1) …
Подготовка к распаковке …/10-apport_2.20.11-0ubuntu82.2_all.deb …
Распаковывается apport (2.20.11-0ubuntu82.2) на замену (2.20.11-0ubuntu82.1) …
Подготовка к распаковке …/11-dbus-user-session_1.12.20-2ubuntu4.1_amd64.deb …
Распаковывается dbus-user-session (1.12.20-2ubuntu4.1) на замену (1.12.20-2ubuntu4) …
Подготовка к распаковке …/12-firmware-sof-signed_2.0-1ubuntu4_all.deb …
Распаковывается firmware-sof-signed (2.0-1ubuntu4) на замену (2.0-1ubuntu3) …
Подготовка к распаковке …/13-fwupd_1.7.9-1~22.04.1_amd64.deb …
Распаковывается fwupd (1.7.9-1~22.04.1) на замену (1.7.5-3) …
Подготовка к распаковке …/14-libfwupdplugin5_1.7.9-1~22.04.1_amd64.deb …
Распаковывается libfwupdplugin5:amd64 (1.7.9-1~22.04.1) на замену (1.7.5-3) …
Подготовка к распаковке …/15-libfwupd2_1.7.9-1~22.04.1_amd64.deb …
Распаковывается libfwupd2:amd64 (1.7.9-1~22.04.1) на замену (1.7.5-3) …
Подготовка к распаковке …/16-libjbig0_2.1-3.1ubuntu0.22.04.1_amd64.deb …
Распаковывается libjbig0:amd64 (2.1-3.1ubuntu0.22.04.1) на замену (2.1-3.1build3) …
Подготовка к распаковке …/17-libtiff5_4.3.0-6ubuntu0.2_amd64.deb …
Распаковывается libtiff5:amd64 (4.3.0-6ubuntu0.2) на замену (4.3.0-6ubuntu0.1) …
Подготовка к распаковке …/18-linux-firmware_20220329.git681281e4-0ubuntu3.7_all.deb …
Распаковывается linux-firmware (20220329.git681281e4-0ubuntu3.7) на замену (20220329.git681281e4-0ubuntu3.5) …
Подготовка к распаковке …/19-linux-libc-dev_5.15.0-56.62_amd64.deb …
Распаковывается linux-libc-dev:amd64 (5.15.0-56.62) на замену (5.15.0-52.58) …
Подготовка к распаковке …/20-snapd_2.57.5+22.04ubuntu0.1_amd64.deb …
Распаковывается snapd (2.57.5+22.04ubuntu0.1) на замену (2.57.4+22.04) …
Подготовка к распаковке …/21-kpartx_0.8.8-1ubuntu1.22.04.1_amd64.deb …
Распаковывается kpartx (0.8.8-1ubuntu1.22.04.1) на замену (0.8.8-1ubuntu1) …
Подготовка к распаковке …/22-multipath-tools_0.8.8-1ubuntu1.22.04.1_amd64.deb …
Распаковывается multipath-tools (0.8.8-1ubuntu1.22.04.1) на замену (0.8.8-1ubuntu1) …
Настраивается пакет libexpat1:amd64 (2.4.7-1ubuntu0.2) …
Настраивается пакет linux-firmware (20220329.git681281e4-0ubuntu3.7) …
update-initramfs: Generating /boot/initrd.img-5.15.0-52-generic
Настраивается пакет python3-problem-report (2.20.11-0ubuntu82.2) …
Настраивается пакет distro-info-data (0.52ubuntu0.2) …
Настраивается пакет firmware-sof-signed (2.0-1ubuntu4) …
Настраивается пакет libsqlite3-0:amd64 (3.37.2-2ubuntu0.1) …
Настраивается пакет libfwupd2:amd64 (1.7.9-1~22.04.1) …
Настраивается пакет linux-libc-dev:amd64 (5.15.0-56.62) …
Настраивается пакет libnetplan0:amd64 (0.105-0ubuntu2~22.04.1) …
Настраивается пакет libntfs-3g89 (1:2021.8.22-3ubuntu1.2) …
Настраивается пакет libjbig0:amd64 (2.1-3.1ubuntu0.22.04.1) …
Настраивается пакет ntfs-3g (1:2021.8.22-3ubuntu1.2) …
Настраивается пакет python3-apport (2.20.11-0ubuntu82.2) …
Настраивается пакет netplan.io (0.105-0ubuntu2~22.04.1) …
Настраивается пакет tzdata (2022f-0ubuntu0.22.04.1) …

Current default time zone: 'Etc/UTC'
Local time is now:      Thu Dec  1 15:41:06 UTC 2022.
Universal Time is now:  Thu Dec  1 15:41:06 UTC 2022.
Run 'dpkg-reconfigure tzdata' if you wish to change it.

Настраивается пакет libdbus-1-3:amd64 (1.12.20-2ubuntu4.1) …
Настраивается пакет dbus (1.12.20-2ubuntu4.1) …
A reboot is required to replace the running dbus-daemon.
Please reboot the system when convenient.
Настраивается пакет libssl-dev:amd64 (3.0.2-0ubuntu1.7) …
Настраивается пакет libpython3.10-minimal:amd64 (3.10.6-1~22.04.1) …
Настраивается пакет kpartx (0.8.8-1ubuntu1.22.04.1) …
Настраивается пакет libtiff5:amd64 (4.3.0-6ubuntu0.2) …
Настраивается пакет ubuntu-advantage-tools (27.11.3~22.04.1) …
Устанавливается новая версия файла настройки /etc/apt/apt.conf.d/20apt-esm-hook.conf …
Настраивается пакет openssl (3.0.2-0ubuntu1.7) …
Настраивается пакет libfwupdplugin5:amd64 (1.7.9-1~22.04.1) …
Настраивается пакет fwupd (1.7.9-1~22.04.1) …
Устанавливается новая версия файла настройки /etc/fwupd/redfish.conf …
fwupd-offline-update.service is a disabled or a static unit not running, not starting it.
fwupd-refresh.service is a disabled or a static unit not running, not starting it.
fwupd.service is a disabled or a static unit not running, not starting it.
Настраивается пакет rsync (3.2.3-8ubuntu3.1) …
rsync.service is a disabled or a static unit not running, not starting it.
Настраивается пакет python3.10-minimal (3.10.6-1~22.04.1) …
Настраивается пакет apport (2.20.11-0ubuntu82.2) …
apport-autoreport.service is a disabled or a static unit, not starting it.
Настраивается пакет multipath-tools (0.8.8-1ubuntu1.22.04.1) …
Could not execute systemctl:  at /usr/bin/deb-systemd-invoke line 142.
Настраивается пакет libpython3.10-stdlib:amd64 (3.10.6-1~22.04.1) …
Настраивается пакет dbus-user-session (1.12.20-2ubuntu4.1) …
Настраивается пакет snapd (2.57.5+22.04ubuntu0.1) …
Устанавливается новая версия файла настройки /etc/apparmor.d/usr.lib.snapd.snap-confine.real …
Created symlink /etc/systemd/system/multi-user.target.wants/snapd.aa-prompt-listener.service → /lib/systemd/system/snapd.aa-prompt-listener.service.
snapd.failure.service is a disabled or a static unit not running, not starting it.
snapd.snap-repair.service is a disabled or a static unit not running, not starting it.
Настраивается пакет libpython3.10:amd64 (3.10.6-1~22.04.1) …
Настраивается пакет python3.10 (3.10.6-1~22.04.1) …
Обрабатываются триггеры для libc-bin (2.35-0ubuntu3.1) …
Обрабатываются триггеры для man-db (2.10.2-1) …
Обрабатываются триггеры для mailcap (3.70+nmu1ubuntu1) …
Обрабатываются триггеры для initramfs-tools (0.140ubuntu13) …
update-initramfs: Generating /boot/initrd.img-5.15.0-52-generic
Scanning processes...
Scanning candidates...
Scanning linux images...

Running kernel seems to be up-to-date.

Restarting services...
 /etc/needrestart/restart.d/systemd-manager
 systemctl restart packagekit.service polkit.service ssh.service systemd-journald.service systemd-networkd.service systemd-resolved.service systemd-timesyncd.service systemd-udevd.service udisks2.service
Service restarts being deferred:
 /etc/needrestart/restart.d/dbus.service
 systemctl restart networkd-dispatcher.service
 systemctl restart systemd-logind.service
 systemctl restart unattended-upgrades.service
 systemctl restart user@1000.service

No containers need to be restarted.

No user sessions are running outdated binaries.

No VM guests are running outdated hypervisor (qemu) binaries on this host.
root@ubuntu:~# htop
root@ubuntu:~# htop
root@ubuntu:~# mc

root@ubuntu:~/ws/linux-kernel# history
    1  mc
    2  apt-get install build-essential vim git libncurses5-dev bc
    3  apt-get install htop y
    4  apt-get install htop
    5  htop
    6  gcc --version
    7  mkdir ws
    8  cd ws/
    9  wget https://cdn.kernel.org/pub/linux/kernel/v4.x/linux-4.8.6.tar.xz
   10  tar xf linux-4.8.6.tar.xz
   11  ll
   12  cd linux-4.8.6/
   13  ll
   14  make defconfig
   15  make menuconfig
   16  make -j 5
   17  cc1: error: code model kernel does not support PIC mode
   18  mc
   19  make -j 5
   20  mc
   21  make -j 5
   22  mc
   23  touch module.c
   24  mc
   25  mv module.c my_module.c
   26  touch Makefile
   27  mc
   28  cd ../
   29  cd linux-kernel/
   30  touch Makefile
   31  mc
   32  obj-m += my_module.o
   33  htop
   34  ls
   35  ll
   36  cd ws
   37  ll
   38  mc
   39  id dmarenin
   40  id root
   41  usermod -a -G root dmarenin
   42  id dmarenin
   43  ьс
   44  mc
   45  lsmod
   46  lsmod | grep my_module
   47  ll
   48  cd linux-
   49  cd linux-kernel/
   50  ll
   51  make Makefile
   52  make
   53  mc
   54  cll
   55  ll
   56  cd ../
   57  ll
   58  cd linux-
   59  cd linux-kernel/
   60  ll
   61  cd ../
   62  cd linux-4.8.6/
   63  ll
   64  make
   65  cd ../
   66  ls
   67  cd linux-kernel/
   68  ll
   69  make
   70  obj-m += my_module.o
   71  all:
   72  clean:
   73  load:
   74  unload:
   75  ls
   76  ll
   77  make
   78  sudo make
   79  make
   80  mc
   81  cd ../linux-4.8.6/
   82  cd my_module/
   83  ll
   84  make
   85  cat Makefile
   86  shell
   87  uname -r
   88  shell pwd
   89  pwd
   90  cd ../
   91  ll
   92  cd ../
   93  ll
   94  cd linux-kernel/
   95  ll
   96  make
   97  mc
   98  make
   99  mc
  100  make
  101  mc
  102  make
  103  mx
  104  mc
  105  make
  106  mc
  107  make
  108  mc
  109  make
  110  mc
  111  make
  112  apt-get install flex
  113  make
  114  apt-get install bison
  115  make
  116  ll
  117  mc
  118  make
  119  history
  120  umane
  121  uname
  122  uname -r
  123  cd ../
  124  ll
  125  wget https://cdn.kernel.org/pub/linux/kernel/v5.x/linux-5.15.15.tar.xz
  126  tar xf linux-5.15.15.tar.xz
  127  cd linux-5.15.15/
  128  make -j5= 5
  129  make -j 5
  130  make defconfig
  131  make menuconfig
  132  make -j 5
  133  scripts/extract-cert.c:21:10: fatal error: openssl/bio.h: No such file or directory
  134  $ sudo aptitude install libssl-dev
  135  apt-install libssl-dev
  136  apt install libssl-dev
  137  make -j 5
  138  apt install libelf-dev
  139  make -j 5
  140  mc
  141  cd ../
  142  ls
  143  cd linux-kernel/
  144  male
  145  make
  146  mc
  147  make
  148  mc
  149  uname -r
  150  mc
  151  uname -r
  152  make
  153  mc
  154  make
  155  mc
  156  make
  157  mc
  158  make
  159  mc
  160  make
  161  mc
  162  make
  163  ll
  164  lsmod | grep my_module
  165  insmod my_module
  166  ll
  167  insmod my_module.ko
  168  lsmod
  169  insmod my_module.ko
  170  make
  171  insmod my_module.ko
  172  mc
  173  insmod my_module.ko
  174  dnf remove kernel-devel
  175  dmesg
  176  mc
  177  make
  178  dmesg
  179  insmod my_module.ko
  180  dmesg
  181  mc
  182  make
  183  insmod my_module.ko
  184  ll
  185  cd ..
  186  ll
  187  cd linux-5.15.15/
  188  ls
  189  make menuconfig
  190  mc
  191  cd ../
  192  cd linux-kernel/
  193  ll
  194  make
  195  insmod my_module.ko
  196  dmesg
  197  cd ../
  198  cd linux-5.15.15/
  199  ll
  200  male -j 4
  201  make -j 4
  202  cd ../linux-kernel/
  203  make
  204  insmod my_module.ko
  205  dmesg
  206  mc
  207  make
  208  reboot
  209  make
  210  exit
  211  tmux split-window -h
  212  exit
  213  tmux split-window -v
  214  exit
  215  ll
  216  cd ws
  217  ll
  218  cd linux-5
  219  cd linux-5.15.15/
  220  make -j 4
  221  cd ../
  222  cd linux-kernel/
  223  ll
  224  make
  225  insmod my_module.
  226  insmod my_module.ko
  227  dmesg
  228  mc
  229  dmesg
  230  insmod my_module.ko
  231  dmesg
  232  mc
  233  make
  234  insmod my_module.ko
  235  dmesg
  236  apt update && sudo apt upgrade
  237  apt remove --purge linux-headers-*
  238  apt autoremove && sudo apt autoclean
  239  apt install linux-headers-generic
  240  make
  241  mc
  242  make
  243  insmod my_module.ko
  244  dmesg
  245  insmod my_module.ko
  246  rmmod my_module.ko
  247  dmesg
  248  insmod my_module.ko
  249  dmesg
  250  insmod my_module.ko
  251  rmmod my_module.ko
  252  insmod my_module.ko
  253  dmesg
  254  mc
  255  history
  256  less /var/log/syslog
  257  cat /var/log/syslog
  258  rmmod my_module
  259  mc
  260  ll
  261  mv my_module.c chrdev.c
  262  ll
  263  mc
  264  make
  265  ll
  266  mc
  267  make
  268  lsmod
  269  apt-get install tmux
  270  tmux new -s session1
  271  mc
  272  where is tmux
  273  whereis tmux
  274  mc
  275  cd /etc/
  276  touch tmux.conf
  277  mc
  278  tmux -s new session1
  279  tmux new -s session1
  280  history
  281  tmux new -s session1
  282  tmux ls
  283  tmux --h
  284  tmux attach
  285  history
  286  tmux -ls
  287  tmux ls
  288  tmux attach session1
  289  tmux attach -s session1
  290  tmux attach  session1
  291  tmux attach -t  session1
  292  mc
  293  history
  294  tmux -ls
  295  tmux ls
  296  tmux attach -t  session1
  297  tmux split-window -h
  298  tmux split-window -v
  299  mc
  300  restart
  301  reset
  302  reboot
  303  tmux split-window -h
  304  tail -f /var/log/syslog
  305  dmesg
  306  tail -f /var/log/syslog
  307  apt-get install openssh-server g++ gdb gdbserver
  308  apt-get update
  309  ping ya.ru
  310  cd ~
  311  ll
  312  cd ws
  313  ll
  314  cd
  315  cd linux-kernel
  316  cd ws/linux-kernel/
  317  make
  318  insmod chrdev.ko
  319  rmmod chrdev
  320  insmod chrdev.ko
  321  rmmod chrdev
  322  make
  323  insmod chrdev.ko
  324  rmmod chrdev.ko
  325  make
  326  rmmod chrdev.ko
  327  make
  328  history
root@ubuntu:~/ws/linux-kernel# mknod /dev/chrdev c 700 0
mknod: /dev/chrdev: File exists
root@ubuntu:~/ws/linux-kernel# ls -ls /dev/ch
char/   chrdev
root@ubuntu:~/ws/linux-kernel# ls -ls /dev/chrdev
0 crw-r--r-- 1 root root 700, 0 дек  1 17:11 /dev/chrdev
root@ubuntu:~/ws/linux-kernel#
root@ubuntu:~/ws/linux-kernel#
root@ubuntu:~/ws/linux-kernel# chm
chmem  chmod
root@ubuntu:~/ws/linux-kernel# chmod a+rw /dev/ch
char/   chrdev
root@ubuntu:~/ws/linux-kernel# chmod a+rw /dev/chrdev
root@ubuntu:~/ws/linux-kernel# ls -ls /dev/chrdev
0 crw-rw-rw- 1 root root 700, 0 дек  1 17:11 /dev/chrdev
root@ubuntu:~/ws/linux-kernel# ins
insmod         install        install-info   installkernel  instmodsh
root@ubuntu:~/ws/linux-kernel# insmod chrdev.ko
root@ubuntu:~/ws/linux-kernel# lsmod | grep chrd
chrdev                 16384  0
root@ubuntu:~/ws/linux-kernel# cat /proc/modules | grep chrd
chrdev 16384 0 - Live 0xffffffffc0c9b000 (OE)
root@ubuntu:~/ws/linux-kernel# tail -f /var/log/syslog
Dec  1 15:48:43 ubuntu systemd-timesyncd[26171]: Initial synchronization to time server 91.189.94.4:123 (ntp.ubuntu.com).
Dec  1 16:17:01 ubuntu CRON[26266]: (root) CMD (   cd / && run-parts --report /etc/cron.hourly)
Dec  1 16:26:44 ubuntu systemd[1]: Started Session 7 of User dmarenin.
Dec  1 16:44:58 ubuntu kernel: [ 7590.833816] chrdev: loading out-of-tree module taints kernel.
Dec  1 16:44:58 ubuntu kernel: [ 7590.833856] chrdev: module verification failed: signature and/or required key missing - tainting kernel
Dec  1 16:44:58 ubuntu kernel: [ 7590.834218] Hello, loading
Dec  1 16:44:58 ubuntu kernel: [ 7590.834224] CHRDEV "mychrdev" major requested (700) is greater than the maximum (511)
Dec  1 17:14:46 ubuntu kernel: [ 7620.401830] Leaving
Dec  1 17:14:46 ubuntu kernel: [ 9378.476327] Hello, loading
Dec  1 17:14:46 ubuntu kernel: [ 9378.476336] CHRDEV "mychrdev" major requested (700) is greater than the maximum (511)
Dec  1 17:17:01 ubuntu CRON[30052]: (root) CMD (   cd / && run-parts --report /etc/cron.hourly)

